==> [list_b] '/opt/homebrew/opt/coreutils/libexec/gnubin/env' 'SCAP_ROOT=/Users/zchee/go/src' '/Users/zchee/rust/src/github.com/zchee/scap/target/release/scap' 'list'
Benchmark 1: list_b
  Time (mean ± σ):      26.7 ms ±   2.3 ms    [User: 25.8 ms, System: 80.4 ms]
  Range (min … max):    24.4 ms …  35.2 ms    30 runs
 
==> [list_b_p] '/opt/homebrew/opt/coreutils/libexec/gnubin/env' 'SCAP_ROOT=/Users/zchee/go/src' '/Users/zchee/rust/src/github.com/zchee/scap/target/release/scap' 'list' '-p'
Benchmark 1: list_b_p
  Time (mean ± σ):      26.6 ms ±   1.9 ms    [User: 25.8 ms, System: 79.8 ms]
  Range (min … max):    24.8 ms …  33.9 ms    30 runs
 
==> [list_b_unique] '/opt/homebrew/opt/coreutils/libexec/gnubin/env' 'SCAP_ROOT=/Users/zchee/go/src' '/Users/zchee/rust/src/github.com/zchee/scap/target/release/scap' 'list' '--unique'
Benchmark 1: list_b_unique
  Time (mean ± σ):      27.0 ms ±   2.1 ms    [User: 26.2 ms, System: 79.8 ms]
  Range (min … max):    25.1 ms …  33.2 ms    30 runs
 
==> [list_b_query] '/opt/homebrew/opt/coreutils/libexec/gnubin/env' 'SCAP_ROOT=/Users/zchee/go/src' '/Users/zchee/rust/src/github.com/zchee/scap/target/release/scap' 'list' 'zchee'
Benchmark 1: list_b_query
  Time (mean ± σ):      27.5 ms ±   3.1 ms    [User: 26.7 ms, System: 82.8 ms]
  Range (min … max):    24.6 ms …  36.1 ms    30 runs
 
bench-quiet.sh: wrote /Users/zchee/rust/src/github.com/zchee/scap/docs/benchmarks/runs/20260828T104448Z-baseline/metadata.json and /Users/zchee/rust/src/github.com/zchee/scap/docs/benchmarks/runs/20260828T104448Z-baseline/summary.md (4 rows)
bench-quiet.sh: refusing to run on a non-quiet machine:
  - busiest process at 30.0% CPU > 15.0% (median of 3 samples, top -o cpu)
  - xprotectd CPU 13.90% >= 5% (ps -o %cpu= -p $(pgrep -x xprotectd))
1-minute load average (recorded, not gated - deviation D-1): { 2.13 3.00 4.47 }
Set SCAP_BENCH_FORCE=1 to override (only for the plan's explicitly "loaded-machine" row).
==> [list_b] '/opt/homebrew/opt/coreutils/libexec/gnubin/env' 'SCAP_ROOT=/Users/zchee/go/src' '/Users/zchee/rust/src/github.com/zchee/scap/target/release/scap' 'list'
Benchmark 1: list_b
  Time (mean ± σ):      25.9 ms ±   1.9 ms    [User: 25.3 ms, System: 77.9 ms]
  Range (min … max):    24.3 ms …  33.8 ms    30 runs
 
  Warning: Statistical outliers were detected. Consider re-running this benchmark on a quiet system without any interferences from other programs. It might help to use the '--warmup' or '--prepare' options.
 
==> [list_b_p] '/opt/homebrew/opt/coreutils/libexec/gnubin/env' 'SCAP_ROOT=/Users/zchee/go/src' '/Users/zchee/rust/src/github.com/zchee/scap/target/release/scap' 'list' '-p'
Benchmark 1: list_b_p
  Time (mean ± σ):      26.9 ms ±   2.2 ms    [User: 26.1 ms, System: 81.1 ms]
  Range (min … max):    24.3 ms …  35.1 ms    30 runs
 
==> [list_b_unique] '/opt/homebrew/opt/coreutils/libexec/gnubin/env' 'SCAP_ROOT=/Users/zchee/go/src' '/Users/zchee/rust/src/github.com/zchee/scap/target/release/scap' 'list' '--unique'
Benchmark 1: list_b_unique
  Time (mean ± σ):      28.2 ms ±   2.8 ms    [User: 27.4 ms, System: 84.1 ms]
  Range (min … max):    25.5 ms …  34.6 ms    30 runs
 
==> [list_b_query] '/opt/homebrew/opt/coreutils/libexec/gnubin/env' 'SCAP_ROOT=/Users/zchee/go/src' '/Users/zchee/rust/src/github.com/zchee/scap/target/release/scap' 'list' 'zchee'
Benchmark 1: list_b_query
  Time (mean ± σ):      28.1 ms ±   2.1 ms    [User: 28.5 ms, System: 83.8 ms]
  Range (min … max):    25.8 ms …  36.0 ms    30 runs
 
bench-quiet.sh: wrote /Users/zchee/rust/src/github.com/zchee/scap/docs/benchmarks/runs/20260828T104448Z-baseline/metadata.json and /Users/zchee/rust/src/github.com/zchee/scap/docs/benchmarks/runs/20260828T104448Z-baseline/summary.md (4 rows)
