bench-quiet.sh: refusing to run on a non-quiet machine:
  - xprotectd CPU 13.90% >= 5% (ps -o %cpu= -p $(pgrep -x xprotectd))
1-minute load average (recorded, not gated - deviation D-1): { 2.48 4.05 5.26 }
Set SCAP_BENCH_FORCE=1 to override (only for the plan's explicitly "loaded-machine" row).
==> [list_a] '/opt/homebrew/opt/coreutils/libexec/gnubin/env' 'SCAP_ROOT=/Users/zchee/src' '/Users/zchee/rust/src/github.com/zchee/scap/target/release/scap' 'list'
Benchmark 1: list_a
  Time (mean ± σ):     152.4 ms ±  24.8 ms    [User: 157.1 ms, System: 554.2 ms]
  Range (min … max):   129.8 ms … 226.4 ms    30 runs
 
==> [list_a_p] '/opt/homebrew/opt/coreutils/libexec/gnubin/env' 'SCAP_ROOT=/Users/zchee/src' '/Users/zchee/rust/src/github.com/zchee/scap/target/release/scap' 'list' '-p'
Benchmark 1: list_a_p
  Time (mean ± σ):     160.2 ms ±  19.2 ms    [User: 168.1 ms, System: 587.9 ms]
  Range (min … max):   134.5 ms … 201.3 ms    30 runs
 
==> [list_a_unique] '/opt/homebrew/opt/coreutils/libexec/gnubin/env' 'SCAP_ROOT=/Users/zchee/src' '/Users/zchee/rust/src/github.com/zchee/scap/target/release/scap' 'list' '--unique'
Benchmark 1: list_a_unique
  Time (mean ± σ):     144.7 ms ±  11.4 ms    [User: 155.5 ms, System: 527.2 ms]
  Range (min … max):   131.3 ms … 174.9 ms    30 runs
 
==> [list_a_query] '/opt/homebrew/opt/coreutils/libexec/gnubin/env' 'SCAP_ROOT=/Users/zchee/src' '/Users/zchee/rust/src/github.com/zchee/scap/target/release/scap' 'list' 'zchee'
Benchmark 1: list_a_query
  Time (mean ± σ):     144.5 ms ±  11.5 ms    [User: 155.7 ms, System: 527.7 ms]
  Range (min … max):   130.0 ms … 174.7 ms    30 runs
 
bench-quiet.sh: wrote /Users/zchee/rust/src/github.com/zchee/scap/docs/benchmarks/runs/20260828T104448Z-baseline/metadata.json and /Users/zchee/rust/src/github.com/zchee/scap/docs/benchmarks/runs/20260828T104448Z-baseline/summary.md (4 rows)
